[INFO] 2026-08-12 01:41:17,259 [RapidOCR] base.py:23: Using engine_name: torch
[INFO] 2026-08-12 01:41:17,280 [RapidOCR] device_config.py:57: Using CPU device
[INFO] 2026-08-12 01:41:17,312 [RapidOCR] download_file.py:60: File exists and is valid: C:\Users\rupam.pal\OneDrive - Euromonitor International\Personal Projects\ai-cookbook\.venv\Lib\site-packages\rapidocr\models\PP-OCRv6_det_small.pth
[INFO] 2026-08-12 01:41:17,313 [RapidOCR] main.py:50: Using C:\Users\rupam.pal\OneDrive - Euromonitor International\Personal Projects\ai-cookbook\.venv\Lib\site-packages\rapidocr\models\PP-OCRv6_det_small.pth
[INFO] 2026-08-12 01:41:17,447 [RapidOCR] base.py:23: Using engine_name: torch
[INFO] 2026-08-12 01:41:17,448 [RapidOCR] device_config.py:57: Using CPU device
[INFO] 2026-08-12 01:41:17,454 [RapidOCR] download_file.py:60: File exists and is valid: C:\Users\rupam.pal\OneDrive - Euromonitor International\Personal Projects\ai-cookbook\.venv\Lib\site-packages\rapidocr\models\ch_ptocr_mobile_v2.0_cls_mobile.pth
[INFO] 2026-08-12 01:41:17,454 [RapidOCR] main.py:50: Using C:\Users\rupam.pal\OneDrive - Euromonitor International\Personal Projects\ai-cookbook\.venv\Lib\site-packages\rapidocr\models\ch_ptocr_mobile_v2.0_cls_mobile.pth
[INFO] 2026-08-12 01:41:17,567 [RapidOCR] base.py:23: Using engine_name: torch
[INFO] 2026-08-12 01:41:17,567 [RapidOCR] device_config.py:57: Using CPU device
[INFO] 2026-08-12 01:41:17,624 [RapidOCR] download_file.py:60: File exists and is valid: C:\Users\rupam.pal\OneDrive - Euromonitor International\Personal Projects\ai-cookbook\.venv\Lib\site-packages\rapidocr\models\PP-OCRv6_rec_small.pth
[INFO] 2026-08-12 01:41:17,624 [RapidOCR] main.py:50: Using C:\Users\rupam.pal\OneDrive - Euromonitor International\Personal Projects\ai-cookbook\.venv\Lib\site-packages\rapidocr\models\PP-OCRv6_rec_small.pth
[transformers] `torch_dtype` is deprecated! Use `dtype` instead!

Loading weights:   0%|          | 0/770 [00:00<?, ?it/s]
Loading weights:  82%|########2 | 633/770 [00:00<00:00, 6319.78it/s]
Loading weights: 100%|##########| 770/770 [00:00<00:00, 6420.00it/s]
W0812 01:41:33.941000 11808 Lib\site-packages\torch\_dynamo\variables\tensor.py:1759] [0/0] Graph break from `Tensor.item()`, consider setting:
W0812 01:41:33.941000 11808 Lib\site-packages\torch\_dynamo\variables\tensor.py:1759] [0/0]     torch._dynamo.config.capture_scalar_outputs = True
W0812 01:41:33.941000 11808 Lib\site-packages\torch\_dynamo\variables\tensor.py:1759] [0/0] or:
W0812 01:41:33.941000 11808 Lib\site-packages\torch\_dynamo\variables\tensor.py:1759] [0/0]     env TORCHDYNAMO_CAPTURE_SCALAR_OUTPUTS=1
W0812 01:41:33.941000 11808 Lib\site-packages\torch\_dynamo\variables\tensor.py:1759] [0/0] to include these operations in the captured graph.
W0812 01:41:33.941000 11808 Lib\site-packages\torch\_dynamo\variables\tensor.py:1759] [0/0] 
W0812 01:41:33.941000 11808 Lib\site-packages\torch\_dynamo\variables\tensor.py:1759] [0/0] Graph break: from user code at:
W0812 01:41:33.941000 11808 Lib\site-packages\torch\_dynamo\variables\tensor.py:1759] [0/0]   File "c:\Users\rupam.pal\OneDrive - Euromonitor International\Personal Projects\ai-cookbook\.venv\Lib\site-packages\transformers\utils\generic.py", line 939, in wrapper
W0812 01:41:33.941000 11808 Lib\site-packages\torch\_dynamo\variables\tensor.py:1759] [0/0]     output = func(self, *args, **kwargs)
W0812 01:41:33.941000 11808 Lib\site-packages\torch\_dynamo\variables\tensor.py:1759] [0/0]   File "c:\Users\rupam.pal\OneDrive - Euromonitor International\Personal Projects\ai-cookbook\.venv\Lib\site-packages\transformers\models\rt_detr_v2\modeling_rt_detr_v2.py", line 1864, in forward
W0812 01:41:33.941000 11808 Lib\site-packages\torch\_dynamo\variables\tensor.py:1759] [0/0]     outputs = self.model(
W0812 01:41:33.941000 11808 Lib\site-packages\torch\_dynamo\variables\tensor.py:1759] [0/0]     
W0812 01:41:33.941000 11808 Lib\site-packages\torch\_dynamo\variables\tensor.py:1759] [0/0]   File "c:\Users\rupam.pal\OneDrive - Euromonitor International\Personal Projects\ai-cookbook\.venv\Lib\site-packages\transformers\utils\generic.py", line 939, in wrapper
W0812 01:41:33.941000 11808 Lib\site-packages\torch\_dynamo\variables\tensor.py:1759] [0/0]     output = func(self, *args, **kwargs)
W0812 01:41:33.941000 11808 Lib\site-packages\torch\_dynamo\variables\tensor.py:1759] [0/0]   File "c:\Users\rupam.pal\OneDrive - Euromonitor International\Personal Projects\ai-cookbook\.venv\Lib\site-packages\transformers\models\rt_detr_v2\modeling_rt_detr_v2.py", line 1626, in forward
W0812 01:41:33.941000 11808 Lib\site-packages\torch\_dynamo\variables\tensor.py:1759] [0/0]     decoder_outputs = self.decoder(
W0812 01:41:33.941000 11808 Lib\site-packages\torch\_dynamo\variables\tensor.py:1759] [0/0]     
W0812 01:41:33.941000 11808 Lib\site-packages\torch\_dynamo\variables\tensor.py:1759] [0/0]   File "c:\Users\rupam.pal\OneDrive - Euromonitor International\Personal Projects\ai-cookbook\.venv\Lib\site-packages\transformers\utils\generic.py", line 1068, in wrapper
W0812 01:41:33.941000 11808 Lib\site-packages\torch\_dynamo\variables\tensor.py:1759] [0/0]     output = func(self, *args, **kwargs)
W0812 01:41:33.941000 11808 Lib\site-packages\torch\_dynamo\variables\tensor.py:1759] [0/0]   File "c:\Users\rupam.pal\OneDrive - Euromonitor International\Personal Projects\ai-cookbook\.venv\Lib\site-packages\transformers\utils\output_capturing.py", line 262, in wrapper
W0812 01:41:33.941000 11808 Lib\site-packages\torch\_dynamo\variables\tensor.py:1759] [0/0]     outputs = func(self, *args, **kwargs)
W0812 01:41:33.941000 11808 Lib\site-packages\torch\_dynamo\variables\tensor.py:1759] [0/0]   File "c:\Users\rupam.pal\OneDrive - Euromonitor International\Personal Projects\ai-cookbook\.venv\Lib\site-packages\transformers\models\rt_detr_v2\modeling_rt_detr_v2.py", line 623, in forward
W0812 01:41:33.941000 11808 Lib\site-packages\torch\_dynamo\variables\tensor.py:1759] [0/0]     hidden_states = decoder_layer(
W0812 01:41:33.941000 11808 Lib\site-packages\torch\_dynamo\variables\tensor.py:1759] [0/0]     
W0812 01:41:33.941000 11808 Lib\site-packages\torch\_dynamo\variables\tensor.py:1759] [0/0]   File "c:\Users\rupam.pal\OneDrive - Euromonitor International\Personal Projects\ai-cookbook\.venv\Lib\site-packages\transformers\models\rt_detr_v2\modeling_rt_detr_v2.py", line 409, in forward
W0812 01:41:33.941000 11808 Lib\site-packages\torch\_dynamo\variables\tensor.py:1759] [0/0]     hidden_states, _ = self.encoder_attn(
W0812 01:41:33.941000 11808 Lib\site-packages\torch\_dynamo\variables\tensor.py:1759] [0/0]     
W0812 01:41:33.941000 11808 Lib\site-packages\torch\_dynamo\variables\tensor.py:1759] [0/0]   File "c:\Users\rupam.pal\OneDrive - Euromonitor International\Personal Projects\ai-cookbook\.venv\Lib\site-packages\transformers\models\rt_detr_v2\modeling_rt_detr_v2.py", line 185, in forward
W0812 01:41:33.941000 11808 Lib\site-packages\torch\_dynamo\variables\tensor.py:1759] [0/0]     torch_compilable_check(
W0812 01:41:33.941000 11808 Lib\site-packages\torch\_dynamo\variables\tensor.py:1759] [0/0]     ^
W0812 01:41:33.941000 11808 Lib\site-packages\torch\_dynamo\variables\tensor.py:1759] [0/0]   File "c:\Users\rupam.pal\OneDrive - Euromonitor International\Personal Projects\ai-cookbook\.venv\Lib\site-packages\transformers\utils\import_utils.py", line 1832, in torch_compilable_check
W0812 01:41:33.941000 11808 Lib\site-packages\torch\_dynamo\variables\tensor.py:1759] [0/0]     torch._check_tensor_all(cond)
W0812 01:41:33.941000 11808 Lib\site-packages\torch\_dynamo\variables\tensor.py:1759] [0/0]     ~~~~~~~~~~~~~~~~~~~~~~~^^^^^^
W0812 01:41:33.941000 11808 Lib\site-packages\torch\_dynamo\variables\tensor.py:1759] [0/0] 
W0812 01:41:33.941000 11808 Lib\site-packages\torch\_dynamo\variables\tensor.py:1759] [0/0] 
Stage layout failed for run 1: InvalidCxxCompiler: Compiler: cl is not found.
Traceback (most recent call last):
  File "c:\Users\rupam.pal\OneDrive - Euromonitor International\Personal Projects\ai-cookbook\.venv\Lib\site-packages\docling\pipeline\standard_pdf_pipeline.py", line 353, in _process_batch
    processed_pages = list(self.model(good[0].conv_res, pages))  # type: ignore[arg-type]
  File "c:\Users\rupam.pal\OneDrive - Euromonitor International\Personal Projects\ai-cookbook\.venv\Lib\site-packages\docling\models\base_layout_model.py", line 59, in __call__
    predictions = self.predict_layout(conv_res, pages)
  File "c:\Users\rupam.pal\OneDrive - Euromonitor International\Personal Projects\ai-cookbook\.venv\Lib\site-packages\docling\models\stages\layout\layout_object_detection_model.py", line 115, in predict_layout
    engine_outputs = self.engine.predict_batch(batch)
  File "c:\Users\rupam.pal\OneDrive - Euromonitor International\Personal Projects\ai-cookbook\.venv\Lib\site-packages\docling\models\inference_engines\object_detection\transformers_engine.py", line 208, in predict_batch
    outputs = self._model(**inputs)  # type: ignore[operator]
  File "c:\Users\rupam.pal\OneDrive - Euromonitor International\Personal Projects\ai-cookbook\.venv\Lib\site-packages\torch\_dynamo\eval_frame.py", line 511, in __call__
    return super().__call__(*args, **kwargs)
           ~~~~~~~~~~~~~~~~^^^^^^^^^^^^^^^^^
  File "c:\Users\rupam.pal\OneDrive - Euromonitor International\Personal Projects\ai-cookbook\.venv\Lib\site-packages\torch\nn\modules\module.py", line 1778, in _wrapped_call_impl
    return self._call_impl(*args, **kwargs)
           ~~~~~~~~~~~~~~~^^^^^^^^^^^^^^^^^
  File "c:\Users\rupam.pal\OneDrive - Euromonitor International\Personal Projects\ai-cookbook\.venv\Lib\site-packages\torch\nn\modules\module.py", line 1789, in _call_impl
    return forward_call(*args, **kwargs)
  File "c:\Users\rupam.pal\OneDrive - Euromonitor International\Personal Projects\ai-cookbook\.venv\Lib\site-packages\torch\_dynamo\eval_frame.py", line 1183, in compile_wrapper
    raise e.remove_dynamo_frames() from None  # see TORCHDYNAMO_VERBOSE=1
    ^^^^^^^^^^^^^^^^^^^^^^^^^^^^^^^^^^^^^^^^
  File "c:\Users\rupam.pal\OneDrive - Euromonitor International\Personal Projects\ai-cookbook\.venv\Lib\site-packages\torch\_dynamo\eval_frame.py", line 1166, in compile_wrapper
    result = fn(*args, **kwargs)
  File "c:\Users\rupam.pal\OneDrive - Euromonitor International\Personal Projects\ai-cookbook\.venv\Lib\site-packages\torch\nn\modules\module.py", line 1778, in _wrapped_call_impl
    return self._call_impl(*args, **kwargs)
           ~~~~~~~~~~~~~~~^^^^^^^^^^^^^^^^^
  File "c:\Users\rupam.pal\OneDrive - Euromonitor International\Personal Projects\ai-cookbook\.venv\Lib\site-packages\torch\nn\modules\module.py", line 1789, in _call_impl
    return forward_call(*args, **kwargs)
  File "c:\Users\rupam.pal\OneDrive - Euromonitor International\Personal Projects\ai-cookbook\.venv\Lib\site-packages\transformers\utils\generic.py", line 939, in wrapper
    output = func(self, *args, **kwargs)
  File "c:\Users\rupam.pal\OneDrive - Euromonitor International\Personal Projects\ai-cookbook\.venv\Lib\site-packages\transformers\models\rt_detr_v2\modeling_rt_detr_v2.py", line 1864, in forward
    outputs = self.model(
        pixel_values,
    ...<4 lines>...
        **kwargs,
    )
  File "c:\Users\rupam.pal\OneDrive - Euromonitor International\Personal Projects\ai-cookbook\.venv\Lib\site-packages\torch\nn\modules\module.py", line 1778, in _wrapped_call_impl
    return self._call_impl(*args, **kwargs)
           ~~~~~~~~~~~~~~~^^^^^^^^^^^^^^^^^
  File "c:\Users\rupam.pal\OneDrive - Euromonitor International\Personal Projects\ai-cookbook\.venv\Lib\site-packages\torch\nn\modules\module.py", line 1789, in _call_impl
    return forward_call(*args, **kwargs)
  File "c:\Users\rupam.pal\OneDrive - Euromonitor International\Personal Projects\ai-cookbook\.venv\Lib\site-packages\transformers\utils\generic.py", line 939, in wrapper
    output = func(self, *args, **kwargs)
  File "c:\Users\rupam.pal\OneDrive - Euromonitor International\Personal Projects\ai-cookbook\.venv\Lib\site-packages\torch\_dynamo\convert_frame.py", line 2628, in __call__
    result = self._torchdynamo_orig_backend(
        frame, cache_entry, self.hooks, frame_state, skip=1
    )
  File "c:\Users\rupam.pal\OneDrive - Euromonitor International\Personal Projects\ai-cookbook\.venv\Lib\site-packages\torch\_dynamo\convert_frame.py", line 2319, in __call__
    result = self._inner_convert(
        frame, cache_entry, hooks, frame_state, skip=skip + 1
    )
  File "c:\Users\rupam.pal\OneDrive - Euromonitor International\Personal Projects\ai-cookbook\.venv\Lib\site-packages\torch\_dynamo\convert_frame.py", line 777, in __call__
    result = _compile(
        frame.f_code,
    ...<18 lines>...
        convert_frame_box=self._box,
    )
  File "c:\Users\rupam.pal\OneDrive - Euromonitor International\Personal Projects\ai-cookbook\.venv\Lib\site-packages\torch\_dynamo\convert_frame.py", line 2102, in _compile
    guarded_code, tracer_output = compile_inner(code, one_graph, hooks)
                                  ~~~~~~~~~~~~~^^^^^^^^^^^^^^^^^^^^^^^^
  File "c:\Users\rupam.pal\OneDrive - Euromonitor International\Personal Projects\ai-cookbook\.venv\Lib\site-packages\torch\_utils_internal.py", line 96, in wrapper_function
    return function(*args, **kwargs)
  File "c:\Users\rupam.pal\OneDrive - Euromonitor International\Personal Projects\ai-cookbook\.venv\Lib\site-packages\torch\_dynamo\convert_frame.py", line 1687, in compile_inner
    result = _compile_inner(code, one_graph, hooks)
  File "c:\Users\rupam.pal\OneDrive - Euromonitor International\Personal Projects\ai-cookbook\.venv\Lib\site-packages\torch\_dynamo\convert_frame.py", line 1747, in _compile_inner
    dynamo_output = compile_frame(
        code,
    ...<11 lines>...
        package=package,
    )
  File "c:\Users\rupam.pal\OneDrive - Euromonitor International\Personal Projects\ai-cookbook\.venv\Lib\site-packages\torch\_dynamo\convert_frame.py", line 1584, in compile_frame
    bytecode, tracer_output = transform_code_object(code, transform)
                              ~~~~~~~~~~~~~~~~~~~~~^^^^^^^^^^^^^^^^^
  File "c:\Users\rupam.pal\OneDrive - Euromonitor International\Personal Projects\ai-cookbook\.venv\Lib\site-packages\torch\_dynamo\bytecode_transformation.py", line 1821, in transform_code_object
    tracer_output = transformations(instructions, code_options)
  File "c:\Users\rupam.pal\OneDrive - Euromonitor International\Personal Projects\ai-cookbook\.venv\Lib\site-packages\torch\_dynamo\convert_frame.py", line 1555, in transform
    tracer_output = trace_frame(
        code,
    ...<14 lines>...
        package=package,
    )
  File "c:\Users\rupam.pal\OneDrive - Euromonitor International\Personal Projects\ai-cookbook\.venv\Lib\site-packages\torch\_dynamo\convert_frame.py", line 368, in _fn
    return fn(*args, **kwargs)
  File "c:\Users\rupam.pal\OneDrive - Euromonitor International\Personal Projects\ai-cookbook\.venv\Lib\site-packages\torch\_dynamo\convert_frame.py", line 954, in trace_frame
    run_tracer()
    ~~~~~~~~~~^^
  File "c:\Users\rupam.pal\OneDrive - Euromonitor International\Personal Projects\ai-cookbook\.venv\Lib\site-packages\torch\_dynamo\convert_frame.py", line 935, in run_tracer
    tracer.run()
    ~~~~~~~~~~^^
  File "c:\Users\rupam.pal\OneDrive - Euromonitor International\Personal Projects\ai-cookbook\.venv\Lib\site-packages\torch\_dynamo\symbolic_convert.py", line 1950, in run
    while self.step():
          ~~~~~~~~~^^
  File "c:\Users\rupam.pal\OneDrive - Euromonitor International\Personal Projects\ai-cookbook\.venv\Lib\site-packages\torch\_dynamo\symbolic_convert.py", line 1603, in step
    self.dispatch_table[inst.opcode](self, inst)
    ~~~~~~~~~~~~~~~~~~~~~~~~~~~~~~~~^^^^^^^^^^^^
  File "c:\Users\rupam.pal\OneDrive - Euromonitor International\Personal Projects\ai-cookbook\.venv\Lib\site-packages\torch\_dynamo\symbolic_convert.py", line 1074, in wrapper
    return handle_graph_break(self, inst, speculation.reason)
  File "c:\Users\rupam.pal\OneDrive - Euromonitor International\Personal Projects\ai-cookbook\.venv\Lib\site-packages\torch\_dynamo\symbolic_convert.py", line 1148, in handle_graph_break
    all_stack_locals_metadata = self.output.compile_subgraph(
        self, reason=reason, stack_pops=int(push) - stack_effect
    )
  File "c:\Users\rupam.pal\OneDrive - Euromonitor International\Personal Projects\ai-cookbook\.venv\Lib\site-packages\torch\_dynamo\output_graph.py", line 2234, in compile_subgraph
    instructions, subgraph_pycode = self.compile_and_call_fx_graph(
                                    ~~~~~~~~~~~~~~~~~~~~~~~~~~~~~~^
        tx, pass2.graph_output_vars(), root
        ^^^^^^^^^^^^^^^^^^^^^^^^^^^^^^^^^^^
    )
    ^
  File "c:\Users\rupam.pal\OneDrive - Euromonitor International\Personal Projects\ai-cookbook\.venv\Lib\site-packages\torch\_dynamo\output_graph.py", line 2880, in compile_and_call_fx_graph
    compiled_fn = self.call_user_compiler(gm, self.example_inputs())
  File "c:\Users\rupam.pal\OneDrive - Euromonitor International\Personal Projects\ai-cookbook\.venv\Lib\site-packages\torch\_dynamo\output_graph.py", line 3057, in call_user_compiler
    return self._call_user_compiler(gm, example_inputs)
           ~~~~~~~~~~~~~~~~~~~~~~~~^^^^^^^^^^^^^^^^^^^^
  File "c:\Users\rupam.pal\OneDrive - Euromonitor International\Personal Projects\ai-cookbook\.venv\Lib\site-packages\torch\_dynamo\output_graph.py", line 3119, in _call_user_compiler
    compiled_fn = compiler_fn(gm, example_inputs)
  File "c:\Users\rupam.pal\OneDrive - Euromonitor International\Personal Projects\ai-cookbook\.venv\Lib\site-packages\torch\_dynamo\repro\after_dynamo.py", line 159, in __call__
    compiled_gm = compiler_fn(gm, example_inputs)
  File "c:\Users\rupam.pal\OneDrive - Euromonitor International\Personal Projects\ai-cookbook\.venv\Lib\site-packages\torch\__init__.py", line 2489, in __call__
    return compile_fx(
        model_,
    ...<2 lines>...
        compile_region_name=self.name,
    )
  File "c:\Users\rupam.pal\OneDrive - Euromonitor International\Personal Projects\ai-cookbook\.venv\Lib\site-packages\torch\_inductor\compile_fx.py", line 2782, in compile_fx
    return _maybe_wrap_and_compile_fx_main(
        model_,
    ...<4 lines>...
        compile_region_name=compile_region_name,
    )
  File "c:\Users\rupam.pal\OneDrive - Euromonitor International\Personal Projects\ai-cookbook\.venv\Lib\site-packages\torch\_inductor\compile_fx.py", line 2863, in _maybe_wrap_and_compile_fx_main
    return _compile_fx_main(
        model_,
    ...<4 lines>...
        compile_region_name=compile_region_name,
    )
  File "c:\Users\rupam.pal\OneDrive - Euromonitor International\Personal Projects\ai-cookbook\.venv\Lib\site-packages\torch\_inductor\compile_fx.py", line 3076, in _compile_fx_main
    raise e.remove_dynamo_frames() from None  # see TORCHDYNAMO_VERBOSE=1
    ^^^^^^^^^^^^^^^^^^^^^^^^^^^^^^^^^^^^^^^^
  File "c:\Users\rupam.pal\OneDrive - Euromonitor International\Personal Projects\ai-cookbook\.venv\Lib\site-packages\torch\_inductor\compile_fx.py", line 3061, in _compile_fx_main
    return dynamo_common.aot_autograd(
           ~~~~~~~~~~~~~~~~~~~~~~~~~~~
    ...<9 lines>...
        compile_region_name=compile_region_name,
        ~~~~~~~~~~~~~~~~~~~~~~~~~~~~~~~~~~~~~~~~
    )(model_, example_inputs_)
    ~^^^^^^^^^^^^^^^^^^^^^^^^^
  File "c:\Users\rupam.pal\OneDrive - Euromonitor International\Personal Projects\ai-cookbook\.venv\Lib\site-packages\torch\_dynamo\backends\common.py", line 123, in __call__
    cg = aot_module_simplified(gm, example_inputs, **self.kwargs)
  File "c:\Users\rupam.pal\OneDrive - Euromonitor International\Personal Projects\ai-cookbook\.venv\Lib\site-packages\torch\_functorch\aot_autograd.py", line 1238, in aot_module_simplified
    compiled_fn, _ = aot_stage2_compile(
                     ~~~~~~~~~~~~~~~~~~^
        aot_state,
        ^^^^^^^^^^
    ...<4 lines>...
        inference_compiler,
        ^^^^^^^^^^^^^^^^^^^
    )
    ^
  File "c:\Users\rupam.pal\OneDrive - Euromonitor International\Personal Projects\ai-cookbook\.venv\Lib\site-packages\torch\_functorch\_aot_autograd\graph_compile.py", line 364, in aot_stage2_compile
    return aot_stage2_inference(
        aot_state,
    ...<2 lines>...
        inference_compiler,
    )
  File "c:\Users\rupam.pal\OneDrive - Euromonitor International\Personal Projects\ai-cookbook\.venv\Lib\site-packages\torch\_functorch\_aot_autograd\graph_compile.py", line 488, in aot_stage2_inference
    compiled_fw = _aot_stage2b_inference_compile(
        fw_module,
    ...<4 lines>...
        inference_compiler,
    )
  File "c:\Users\rupam.pal\OneDrive - Euromonitor International\Personal Projects\ai-cookbook\.venv\Lib\site-packages\torch\_functorch\_aot_autograd\graph_compile.py", line 415, in _aot_stage2b_inference_compile
    return _aot_stage2b_compile_forward_or_inference(
           ~~~~~~~~~~~~~~~~~~~~~~~~~~~~~~~~~~~~~~~~~^
        fw_module,
        ^^^^^^^^^^
    ...<5 lines>...
        is_inference=True,
        ^^^^^^^^^^^^^^^^^^
    )[1]
    ^
  File "c:\Users\rupam.pal\OneDrive - Euromonitor International\Personal Projects\ai-cookbook\.venv\Lib\site-packages\torch\_functorch\_aot_autograd\graph_compile.py", line 2800, in _aot_stage2b_compile_forward_or_inference
    compiled_fw_func = compiler(fw_module, adjusted_flat_args)
  File "c:\Users\rupam.pal\OneDrive - Euromonitor International\Personal Projects\ai-cookbook\.venv\Lib\site-packages\torch\_functorch\_aot_autograd\schemas.py", line 1472, in __call__
    output_code = self.compiler_fn(gm, example_inputs)
  File "c:\Users\rupam.pal\OneDrive - Euromonitor International\Personal Projects\ai-cookbook\.venv\Lib\site-packages\torch\_inductor\compile_fx.py", line 2924, in fw_compiler_base
    return compile_fx_forward(
        gm,
    ...<5 lines>...
        is_inference=is_inference,
    )
  File "c:\Users\rupam.pal\OneDrive - Euromonitor International\Personal Projects\ai-cookbook\.venv\Lib\site-packages\torch\_inductor\compile_fx.py", line 2537, in compile_fx_forward
    result = inner_compile(
        gm,
    ...<5 lines>...
        boxed_forward_device_index=compiler_config_extra.forward_device,
    )
  File "c:\Users\rupam.pal\OneDrive - Euromonitor International\Personal Projects\ai-cookbook\.venv\Lib\site-packages\torch\_inductor\compile_fx.py", line 837, in compile_fx_inner
    return wrap_compiler_debug(_compile_fx_inner, compiler_name="inductor")(
           ~~~~~~~~~~~~~~~~~~~~~~~~~~~~~~~~~~~~~~~~~~~~~~~~~~~~~~~~~~~~~~~~^
        gm,
        ^^^
    ...<2 lines>...
        **kwargs,
        ^^^^^^^^^
    )
    ^
  File "c:\Users\rupam.pal\OneDrive - Euromonitor International\Personal Projects\ai-cookbook\.venv\Lib\site-packages\torch\_dynamo\repro\after_aot.py", line 317, in debug_wrapper
    inner_compiled_fn = compiler_fn(gm, example_inputs)
  File "c:\Users\rupam.pal\OneDrive - Euromonitor International\Personal Projects\ai-cookbook\.venv\Lib\site-packages\torch\_inductor\compile_fx.py", line 1079, in _compile_fx_inner
    raise InductorError(e, currentframe()).with_traceback(
        e.__traceback__
    ) from None
  File "c:\Users\rupam.pal\OneDrive - Euromonitor International\Personal Projects\ai-cookbook\.venv\Lib\site-packages\torch\_inductor\compile_fx.py", line 1059, in _compile_fx_inner
    mb_compiled_graph = fx_codegen_and_compile(
        gm,
    ...<3 lines>...
        **graph_kwargs,
    )
  File "c:\Users\rupam.pal\OneDrive - Euromonitor International\Personal Projects\ai-cookbook\.venv\Lib\site-packages\torch\_inductor\compile_fx.py", line 1847, in fx_codegen_and_compile
    return scheme.codegen_and_compile(gm, example_inputs, inputs_to_check, graph_kwargs)
           ~~~~~~~~~~~~~~~~~~~~~~~~~~^^^^^^^^^^^^^^^^^^^^^^^^^^^^^^^^^^^^^^^^^^^^^^^^^^^
  File "c:\Users\rupam.pal\OneDrive - Euromonitor International\Personal Projects\ai-cookbook\.venv\Lib\site-packages\torch\_inductor\compile_fx.py", line 1608, in codegen_and_compile
    compiled_module = graph.compile_to_module()
  File "c:\Users\rupam.pal\OneDrive - Euromonitor International\Personal Projects\ai-cookbook\.venv\Lib\site-packages\torch\_inductor\graph.py", line 2669, in compile_to_module
    return self._compile_to_module()
           ~~~~~~~~~~~~~~~~~~~~~~~^^
  File "c:\Users\rupam.pal\OneDrive - Euromonitor International\Personal Projects\ai-cookbook\.venv\Lib\site-packages\torch\_inductor\graph.py", line 2675, in _compile_to_module
    self.codegen_with_cpp_wrapper() if self.cpp_wrapper else self.codegen()
                                                             ~~~~~~~~~~~~^^
  File "c:\Users\rupam.pal\OneDrive - Euromonitor International\Personal Projects\ai-cookbook\.venv\Lib\site-packages\torch\_inductor\graph.py", line 2611, in codegen
    self.scheduler.codegen()
    ~~~~~~~~~~~~~~~~~~~~~~^^
  File "c:\Users\rupam.pal\OneDrive - Euromonitor International\Personal Projects\ai-cookbook\.venv\Lib\site-packages\torch\_inductor\scheduler.py", line 9206, in codegen
    self._codegen_partitions()
    ~~~~~~~~~~~~~~~~~~~~~~~~^^
  File "c:\Users\rupam.pal\OneDrive - Euromonitor International\Personal Projects\ai-cookbook\.venv\Lib\site-packages\torch\_inductor\scheduler.py", line 9354, in _codegen_partitions
    self._codegen(partition)
    ~~~~~~~~~~~~~^^^^^^^^^^^
  File "c:\Users\rupam.pal\OneDrive - Euromonitor International\Personal Projects\ai-cookbook\.venv\Lib\site-packages\torch\_inductor\scheduler.py", line 9508, in _codegen
    self.get_backend(device).codegen_node(node)
    ~~~~~~~~~~~~~~~~~~~~~~~~~~~~~~~~~~~~~^^^^^^
  File "c:\Users\rupam.pal\OneDrive - Euromonitor International\Personal Projects\ai-cookbook\.venv\Lib\site-packages\torch\_inductor\codegen\cpp.py", line 5550, in codegen_node
    cpp_kernel_proxy = self.kernel_proxy_cls(kernel_group)
  File "c:\Users\rupam.pal\OneDrive - Euromonitor International\Personal Projects\ai-cookbook\.venv\Lib\site-packages\torch\_inductor\codegen\cpp.py", line 4182, in __init__
    self.picked_vec_isa: cpu_vec_isa.VecISA = cpu_vec_isa.pick_vec_isa()
                                              ~~~~~~~~~~~~~~~~~~~~~~~~^^
  File "c:\Users\rupam.pal\OneDrive - Euromonitor International\Personal Projects\ai-cookbook\.venv\Lib\site-packages\torch\_inductor\cpu_vec_isa.py", line 653, in pick_vec_isa
    _valid_vec_isa_list: list[VecISA] = valid_vec_isa_list()
                                        ~~~~~~~~~~~~~~~~~~^^
  File "c:\Users\rupam.pal\OneDrive - Euromonitor International\Personal Projects\ai-cookbook\.venv\Lib\site-packages\torch\_inductor\cpu_vec_isa.py", line 640, in valid_vec_isa_list
    isa_list.extend(
    ~~~~~~~~~~~~~~~^
        isa
        ^^^
        for isa in supported_vec_isa_list
        ^^^^^^^^^^^^^^^^^^^^^^^^^^^^^^^^^
        if all(flag in _cpu_supported_x86_isa for flag in str(isa).split()) and isa
        ^^^^^^^^^^^^^^^^^^^^^^^^^^^^^^^^^^^^^^^^^^^^^^^^^^^^^^^^^^^^^^^^^^^^^^^^^^^
    )
    ^
  File "c:\Users\rupam.pal\OneDrive - Euromonitor International\Personal Projects\ai-cookbook\.venv\Lib\site-packages\torch\_inductor\cpu_vec_isa.py", line 643, in <genexpr>
    if all(flag in _cpu_supported_x86_isa for flag in str(isa).split()) and isa
                                                                            ^^^
  File "c:\Users\rupam.pal\OneDrive - Euromonitor International\Personal Projects\ai-cookbook\.venv\Lib\site-packages\torch\_inductor\cpu_vec_isa.py", line 211, in __bool__
    return self.__bool__impl(config.cpp.vec_isa_ok)
           ~~~~~~~~~~~~~~~~~^^^^^^^^^^^^^^^^^^^^^^^
  File "c:\Users\rupam.pal\OneDrive - Euromonitor International\Personal Projects\ai-cookbook\.venv\Lib\site-packages\torch\_inductor\cpu_vec_isa.py", line 221, in __bool__impl
    return self.check_build(VecISA._avx_code)
           ~~~~~~~~~~~~~~~~^^^^^^^^^^^^^^^^^^
  File "c:\Users\rupam.pal\OneDrive - Euromonitor International\Personal Projects\ai-cookbook\.venv\Lib\site-packages\torch\_inductor\cpu_vec_isa.py", line 183, in check_build
    extra=_get_isa_dry_compile_fingerprint(self.build_arch_flags()),
          ~~~~~~~~~~~~~~~~~~~~~~~~~~~~~~~~^^^^^^^^^^^^^^^^^^^^^^^^^
  File "c:\Users\rupam.pal\OneDrive - Euromonitor International\Personal Projects\ai-cookbook\.venv\Lib\site-packages\torch\_inductor\cpu_vec_isa.py", line 30, in _get_isa_dry_compile_fingerprint
    compiler_info = get_compiler_version_info(get_cpp_compiler())
                                              ~~~~~~~~~~~~~~~~^^
  File "c:\Users\rupam.pal\OneDrive - Euromonitor International\Personal Projects\ai-cookbook\.venv\Lib\site-packages\torch\_inductor\cpp_builder.py", line 386, in get_cpp_compiler
    check_compiler_exist_windows(compiler)
    ~~~~~~~~~~~~~~~~~~~~~~~~~~~~^^^^^^^^^^
  File "c:\Users\rupam.pal\OneDrive - Euromonitor International\Personal Projects\ai-cookbook\.venv\Lib\site-packages\torch\_inductor\cpp_builder.py", line 145, in check_compiler_exist_windows
    raise exc.InvalidCxxCompiler(compiler) from e
torch._inductor.exc.InductorError: InvalidCxxCompiler: Compiler: cl is not found.

Stage layout failed for run 1: InvalidCxxCompiler: Compiler: cl is not found.
Traceback (most recent call last):
  File "c:\Users\rupam.pal\OneDrive - Euromonitor International\Personal Projects\ai-cookbook\.venv\Lib\site-packages\docling\pipeline\standard_pdf_pipeline.py", line 353, in _process_batch
    processed_pages = list(self.model(good[0].conv_res, pages))  # type: ignore[arg-type]
  File "c:\Users\rupam.pal\OneDrive - Euromonitor International\Personal Projects\ai-cookbook\.venv\Lib\site-packages\docling\models\base_layout_model.py", line 59, in __call__
    predictions = self.predict_layout(conv_res, pages)
  File "c:\Users\rupam.pal\OneDrive - Euromonitor International\Personal Projects\ai-cookbook\.venv\Lib\site-packages\docling\models\stages\layout\layout_object_detection_model.py", line 115, in predict_layout
    engine_outputs = self.engine.predict_batch(batch)
  File "c:\Users\rupam.pal\OneDrive - Euromonitor International\Personal Projects\ai-cookbook\.venv\Lib\site-packages\docling\models\inference_engines\object_detection\transformers_engine.py", line 208, in predict_batch
    outputs = self._model(**inputs)  # type: ignore[operator]
  File "c:\Users\rupam.pal\OneDrive - Euromonitor International\Personal Projects\ai-cookbook\.venv\Lib\site-packages\torch\_dynamo\eval_frame.py", line 511, in __call__
    return super().__call__(*args, **kwargs)
           ~~~~~~~~~~~~~~~~^^^^^^^^^^^^^^^^^
  File "c:\Users\rupam.pal\OneDrive - Euromonitor International\Personal Projects\ai-cookbook\.venv\Lib\site-packages\torch\nn\modules\module.py", line 1778, in _wrapped_call_impl
    return self._call_impl(*args, **kwargs)
           ~~~~~~~~~~~~~~~^^^^^^^^^^^^^^^^^
  File "c:\Users\rupam.pal\OneDrive - Euromonitor International\Personal Projects\ai-cookbook\.venv\Lib\site-packages\torch\nn\modules\module.py", line 1789, in _call_impl
    return forward_call(*args, **kwargs)
  File "c:\Users\rupam.pal\OneDrive - Euromonitor International\Personal Projects\ai-cookbook\.venv\Lib\site-packages\torch\_dynamo\eval_frame.py", line 1183, in compile_wrapper
    raise e.remove_dynamo_frames() from None  # see TORCHDYNAMO_VERBOSE=1
    ^^^^^^^^^^^^^^^^^^^^^^^^^^^^^^^^^^^^^^^^
  File "c:\Users\rupam.pal\OneDrive - Euromonitor International\Personal Projects\ai-cookbook\.venv\Lib\site-packages\torch\_dynamo\eval_frame.py", line 1166, in compile_wrapper
    result = fn(*args, **kwargs)
  File "c:\Users\rupam.pal\OneDrive - Euromonitor International\Personal Projects\ai-cookbook\.venv\Lib\site-packages\torch\nn\modules\module.py", line 1778, in _wrapped_call_impl
    return self._call_impl(*args, **kwargs)
           ~~~~~~~~~~~~~~~^^^^^^^^^^^^^^^^^
  File "c:\Users\rupam.pal\OneDrive - Euromonitor International\Personal Projects\ai-cookbook\.venv\Lib\site-packages\torch\nn\modules\module.py", line 1789, in _call_impl
    return forward_call(*args, **kwargs)
  File "c:\Users\rupam.pal\OneDrive - Euromonitor International\Personal Projects\ai-cookbook\.venv\Lib\site-packages\transformers\utils\generic.py", line 939, in wrapper
    output = func(self, *args, **kwargs)
  File "c:\Users\rupam.pal\OneDrive - Euromonitor International\Personal Projects\ai-cookbook\.venv\Lib\site-packages\transformers\models\rt_detr_v2\modeling_rt_detr_v2.py", line 1864, in forward
    outputs = self.model(
        pixel_values,
    ...<4 lines>...
        **kwargs,
    )
  File "c:\Users\rupam.pal\OneDrive - Euromonitor International\Personal Projects\ai-cookbook\.venv\Lib\site-packages\torch\nn\modules\module.py", line 1778, in _wrapped_call_impl
    return self._call_impl(*args, **kwargs)
           ~~~~~~~~~~~~~~~^^^^^^^^^^^^^^^^^
  File "c:\Users\rupam.pal\OneDrive - Euromonitor International\Personal Projects\ai-cookbook\.venv\Lib\site-packages\torch\nn\modules\module.py", line 1789, in _call_impl
    return forward_call(*args, **kwargs)
  File "c:\Users\rupam.pal\OneDrive - Euromonitor International\Personal Projects\ai-cookbook\.venv\Lib\site-packages\transformers\utils\generic.py", line 939, in wrapper
    output = func(self, *args, **kwargs)
  File "c:\Users\rupam.pal\OneDrive - Euromonitor International\Personal Projects\ai-cookbook\.venv\Lib\site-packages\torch\_dynamo\convert_frame.py", line 2628, in __call__
    result = self._torchdynamo_orig_backend(
        frame, cache_entry, self.hooks, frame_state, skip=1
    )
  File "c:\Users\rupam.pal\OneDrive - Euromonitor International\Personal Projects\ai-cookbook\.venv\Lib\site-packages\torch\_dynamo\convert_frame.py", line 2319, in __call__
    result = self._inner_convert(
        frame, cache_entry, hooks, frame_state, skip=skip + 1
    )
  File "c:\Users\rupam.pal\OneDrive - Euromonitor International\Personal Projects\ai-cookbook\.venv\Lib\site-packages\torch\_dynamo\convert_frame.py", line 777, in __call__
    result = _compile(
        frame.f_code,
    ...<18 lines>...
        convert_frame_box=self._box,
    )
  File "c:\Users\rupam.pal\OneDrive - Euromonitor International\Personal Projects\ai-cookbook\.venv\Lib\site-packages\torch\_dynamo\convert_frame.py", line 2102, in _compile
    guarded_code, tracer_output = compile_inner(code, one_graph, hooks)
                                  ~~~~~~~~~~~~~^^^^^^^^^^^^^^^^^^^^^^^^
  File "c:\Users\rupam.pal\OneDrive - Euromonitor International\Personal Projects\ai-cookbook\.venv\Lib\site-packages\torch\_utils_internal.py", line 96, in wrapper_function
    return function(*args, **kwargs)
  File "c:\Users\rupam.pal\OneDrive - Euromonitor International\Personal Projects\ai-cookbook\.venv\Lib\site-packages\torch\_dynamo\convert_frame.py", line 1687, in compile_inner
    result = _compile_inner(code, one_graph, hooks)
  File "c:\Users\rupam.pal\OneDrive - Euromonitor International\Personal Projects\ai-cookbook\.venv\Lib\site-packages\torch\_dynamo\convert_frame.py", line 1747, in _compile_inner
    dynamo_output = compile_frame(
        code,
    ...<11 lines>...
        package=package,
    )
  File "c:\Users\rupam.pal\OneDrive - Euromonitor International\Personal Projects\ai-cookbook\.venv\Lib\site-packages\torch\_dynamo\convert_frame.py", line 1584, in compile_frame
    bytecode, tracer_output = transform_code_object(code, transform)
                              ~~~~~~~~~~~~~~~~~~~~~^^^^^^^^^^^^^^^^^
  File "c:\Users\rupam.pal\OneDrive - Euromonitor International\Personal Projects\ai-cookbook\.venv\Lib\site-packages\torch\_dynamo\bytecode_transformation.py", line 1821, in transform_code_object
    tracer_output = transformations(instructions, code_options)
  File "c:\Users\rupam.pal\OneDrive - Euromonitor International\Personal Projects\ai-cookbook\.venv\Lib\site-packages\torch\_dynamo\convert_frame.py", line 1555, in transform
    tracer_output = trace_frame(
        code,
    ...<14 lines>...
        package=package,
    )
  File "c:\Users\rupam.pal\OneDrive - Euromonitor International\Personal Projects\ai-cookbook\.venv\Lib\site-packages\torch\_dynamo\convert_frame.py", line 368, in _fn
    return fn(*args, **kwargs)
  File "c:\Users\rupam.pal\OneDrive - Euromonitor International\Personal Projects\ai-cookbook\.venv\Lib\site-packages\torch\_dynamo\convert_frame.py", line 954, in trace_frame
    run_tracer()
    ~~~~~~~~~~^^
  File "c:\Users\rupam.pal\OneDrive - Euromonitor International\Personal Projects\ai-cookbook\.venv\Lib\site-packages\torch\_dynamo\convert_frame.py", line 935, in run_tracer
    tracer.run()
    ~~~~~~~~~~^^
  File "c:\Users\rupam.pal\OneDrive - Euromonitor International\Personal Projects\ai-cookbook\.venv\Lib\site-packages\torch\_dynamo\symbolic_convert.py", line 1950, in run
    while self.step():
          ~~~~~~~~~^^
  File "c:\Users\rupam.pal\OneDrive - Euromonitor International\Personal Projects\ai-cookbook\.venv\Lib\site-packages\torch\_dynamo\symbolic_convert.py", line 1603, in step
    self.dispatch_table[inst.opcode](self, inst)
    ~~~~~~~~~~~~~~~~~~~~~~~~~~~~~~~~^^^^^^^^^^^^
  File "c:\Users\rupam.pal\OneDrive - Euromonitor International\Personal Projects\ai-cookbook\.venv\Lib\site-packages\torch\_dynamo\symbolic_convert.py", line 1074, in wrapper
    return handle_graph_break(self, inst, speculation.reason)
  File "c:\Users\rupam.pal\OneDrive - Euromonitor International\Personal Projects\ai-cookbook\.venv\Lib\site-packages\torch\_dynamo\symbolic_convert.py", line 1148, in handle_graph_break
    all_stack_locals_metadata = self.output.compile_subgraph(
        self, reason=reason, stack_pops=int(push) - stack_effect
    )
  File "c:\Users\rupam.pal\OneDrive - Euromonitor International\Personal Projects\ai-cookbook\.venv\Lib\site-packages\torch\_dynamo\output_graph.py", line 2234, in compile_subgraph
    instructions, subgraph_pycode = self.compile_and_call_fx_graph(
                                    ~~~~~~~~~~~~~~~~~~~~~~~~~~~~~~^
        tx, pass2.graph_output_vars(), root
        ^^^^^^^^^^^^^^^^^^^^^^^^^^^^^^^^^^^
    )
    ^
  File "c:\Users\rupam.pal\OneDrive - Euromonitor International\Personal Projects\ai-cookbook\.venv\Lib\site-packages\torch\_dynamo\output_graph.py", line 2880, in compile_and_call_fx_graph
    compiled_fn = self.call_user_compiler(gm, self.example_inputs())
  File "c:\Users\rupam.pal\OneDrive - Euromonitor International\Personal Projects\ai-cookbook\.venv\Lib\site-packages\torch\_dynamo\output_graph.py", line 3057, in call_user_compiler
    return self._call_user_compiler(gm, example_inputs)
           ~~~~~~~~~~~~~~~~~~~~~~~~^^^^^^^^^^^^^^^^^^^^
  File "c:\Users\rupam.pal\OneDrive - Euromonitor International\Personal Projects\ai-cookbook\.venv\Lib\site-packages\torch\_dynamo\output_graph.py", line 3119, in _call_user_compiler
    compiled_fn = compiler_fn(gm, example_inputs)
  File "c:\Users\rupam.pal\OneDrive - Euromonitor International\Personal Projects\ai-cookbook\.venv\Lib\site-packages\torch\_dynamo\repro\after_dynamo.py", line 159, in __call__
    compiled_gm = compiler_fn(gm, example_inputs)
  File "c:\Users\rupam.pal\OneDrive - Euromonitor International\Personal Projects\ai-cookbook\.venv\Lib\site-packages\torch\__init__.py", line 2489, in __call__
    return compile_fx(
        model_,
    ...<2 lines>...
        compile_region_name=self.name,
    )
  File "c:\Users\rupam.pal\OneDrive - Euromonitor International\Personal Projects\ai-cookbook\.venv\Lib\site-packages\torch\_inductor\compile_fx.py", line 2782, in compile_fx
    return _maybe_wrap_and_compile_fx_main(
        model_,
    ...<4 lines>...
        compile_region_name=compile_region_name,
    )
  File "c:\Users\rupam.pal\OneDrive - Euromonitor International\Personal Projects\ai-cookbook\.venv\Lib\site-packages\torch\_inductor\compile_fx.py", line 2863, in _maybe_wrap_and_compile_fx_main
    return _compile_fx_main(
        model_,
    ...<4 lines>...
        compile_region_name=compile_region_name,
    )
  File "c:\Users\rupam.pal\OneDrive - Euromonitor International\Personal Projects\ai-cookbook\.venv\Lib\site-packages\torch\_inductor\compile_fx.py", line 3076, in _compile_fx_main
    raise e.remove_dynamo_frames() from None  # see TORCHDYNAMO_VERBOSE=1
    ^^^^^^^^^^^^^^^^^^^^^^^^^^^^^^^^^^^^^^^^
  File "c:\Users\rupam.pal\OneDrive - Euromonitor International\Personal Projects\ai-cookbook\.venv\Lib\site-packages\torch\_inductor\compile_fx.py", line 3061, in _compile_fx_main
    return dynamo_common.aot_autograd(
           ~~~~~~~~~~~~~~~~~~~~~~~~~~~
    ...<9 lines>...
        compile_region_name=compile_region_name,
        ~~~~~~~~~~~~~~~~~~~~~~~~~~~~~~~~~~~~~~~~
    )(model_, example_inputs_)
    ~^^^^^^^^^^^^^^^^^^^^^^^^^
  File "c:\Users\rupam.pal\OneDrive - Euromonitor International\Personal Projects\ai-cookbook\.venv\Lib\site-packages\torch\_dynamo\backends\common.py", line 123, in __call__
    cg = aot_module_simplified(gm, example_inputs, **self.kwargs)
  File "c:\Users\rupam.pal\OneDrive - Euromonitor International\Personal Projects\ai-cookbook\.venv\Lib\site-packages\torch\_functorch\aot_autograd.py", line 1238, in aot_module_simplified
    compiled_fn, _ = aot_stage2_compile(
                     ~~~~~~~~~~~~~~~~~~^
        aot_state,
        ^^^^^^^^^^
    ...<4 lines>...
        inference_compiler,
        ^^^^^^^^^^^^^^^^^^^
    )
    ^
  File "c:\Users\rupam.pal\OneDrive - Euromonitor International\Personal Projects\ai-cookbook\.venv\Lib\site-packages\torch\_functorch\_aot_autograd\graph_compile.py", line 364, in aot_stage2_compile
    return aot_stage2_inference(
        aot_state,
    ...<2 lines>...
        inference_compiler,
    )
  File "c:\Users\rupam.pal\OneDrive - Euromonitor International\Personal Projects\ai-cookbook\.venv\Lib\site-packages\torch\_functorch\_aot_autograd\graph_compile.py", line 488, in aot_stage2_inference
    compiled_fw = _aot_stage2b_inference_compile(
        fw_module,
    ...<4 lines>...
        inference_compiler,
    )
  File "c:\Users\rupam.pal\OneDrive - Euromonitor International\Personal Projects\ai-cookbook\.venv\Lib\site-packages\torch\_functorch\_aot_autograd\graph_compile.py", line 415, in _aot_stage2b_inference_compile
    return _aot_stage2b_compile_forward_or_inference(
           ~~~~~~~~~~~~~~~~~~~~~~~~~~~~~~~~~~~~~~~~~^
        fw_module,
        ^^^^^^^^^^
    ...<5 lines>...
        is_inference=True,
        ^^^^^^^^^^^^^^^^^^
    )[1]
    ^
  File "c:\Users\rupam.pal\OneDrive - Euromonitor International\Personal Projects\ai-cookbook\.venv\Lib\site-packages\torch\_functorch\_aot_autograd\graph_compile.py", line 2800, in _aot_stage2b_compile_forward_or_inference
    compiled_fw_func = compiler(fw_module, adjusted_flat_args)
  File "c:\Users\rupam.pal\OneDrive - Euromonitor International\Personal Projects\ai-cookbook\.venv\Lib\site-packages\torch\_functorch\_aot_autograd\schemas.py", line 1472, in __call__
    output_code = self.compiler_fn(gm, example_inputs)
  File "c:\Users\rupam.pal\OneDrive - Euromonitor International\Personal Projects\ai-cookbook\.venv\Lib\site-packages\torch\_inductor\compile_fx.py", line 2924, in fw_compiler_base
    return compile_fx_forward(
        gm,
    ...<5 lines>...
        is_inference=is_inference,
    )
  File "c:\Users\rupam.pal\OneDrive - Euromonitor International\Personal Projects\ai-cookbook\.venv\Lib\site-packages\torch\_inductor\compile_fx.py", line 2537, in compile_fx_forward
    result = inner_compile(
        gm,
    ...<5 lines>...
        boxed_forward_device_index=compiler_config_extra.forward_device,
    )
  File "c:\Users\rupam.pal\OneDrive - Euromonitor International\Personal Projects\ai-cookbook\.venv\Lib\site-packages\torch\_inductor\compile_fx.py", line 837, in compile_fx_inner
    return wrap_compiler_debug(_compile_fx_inner, compiler_name="inductor")(
           ~~~~~~~~~~~~~~~~~~~~~~~~~~~~~~~~~~~~~~~~~~~~~~~~~~~~~~~~~~~~~~~~^
        gm,
        ^^^
    ...<2 lines>...
        **kwargs,
        ^^^^^^^^^
    )
    ^
  File "c:\Users\rupam.pal\OneDrive - Euromonitor International\Personal Projects\ai-cookbook\.venv\Lib\site-packages\torch\_dynamo\repro\after_aot.py", line 317, in debug_wrapper
    inner_compiled_fn = compiler_fn(gm, example_inputs)
  File "c:\Users\rupam.pal\OneDrive - Euromonitor International\Personal Projects\ai-cookbook\.venv\Lib\site-packages\torch\_inductor\compile_fx.py", line 1079, in _compile_fx_inner
    raise InductorError(e, currentframe()).with_traceback(
        e.__traceback__
    ) from None
  File "c:\Users\rupam.pal\OneDrive - Euromonitor International\Personal Projects\ai-cookbook\.venv\Lib\site-packages\torch\_inductor\compile_fx.py", line 1059, in _compile_fx_inner
    mb_compiled_graph = fx_codegen_and_compile(
        gm,
    ...<3 lines>...
        **graph_kwargs,
    )
  File "c:\Users\rupam.pal\OneDrive - Euromonitor International\Personal Projects\ai-cookbook\.venv\Lib\site-packages\torch\_inductor\compile_fx.py", line 1847, in fx_codegen_and_compile
    return scheme.codegen_and_compile(gm, example_inputs, inputs_to_check, graph_kwargs)
           ~~~~~~~~~~~~~~~~~~~~~~~~~~^^^^^^^^^^^^^^^^^^^^^^^^^^^^^^^^^^^^^^^^^^^^^^^^^^^
  File "c:\Users\rupam.pal\OneDrive - Euromonitor International\Personal Projects\ai-cookbook\.venv\Lib\site-packages\torch\_inductor\compile_fx.py", line 1608, in codegen_and_compile
    compiled_module = graph.compile_to_module()
  File "c:\Users\rupam.pal\OneDrive - Euromonitor International\Personal Projects\ai-cookbook\.venv\Lib\site-packages\torch\_inductor\graph.py", line 2669, in compile_to_module
    return self._compile_to_module()
           ~~~~~~~~~~~~~~~~~~~~~~~^^
  File "c:\Users\rupam.pal\OneDrive - Euromonitor International\Personal Projects\ai-cookbook\.venv\Lib\site-packages\torch\_inductor\graph.py", line 2675, in _compile_to_module
    self.codegen_with_cpp_wrapper() if self.cpp_wrapper else self.codegen()
                                                             ~~~~~~~~~~~~^^
  File "c:\Users\rupam.pal\OneDrive - Euromonitor International\Personal Projects\ai-cookbook\.venv\Lib\site-packages\torch\_inductor\graph.py", line 2611, in codegen
    self.scheduler.codegen()
    ~~~~~~~~~~~~~~~~~~~~~~^^
  File "c:\Users\rupam.pal\OneDrive - Euromonitor International\Personal Projects\ai-cookbook\.venv\Lib\site-packages\torch\_inductor\scheduler.py", line 9206, in codegen
    self._codegen_partitions()
    ~~~~~~~~~~~~~~~~~~~~~~~~^^
  File "c:\Users\rupam.pal\OneDrive - Euromonitor International\Personal Projects\ai-cookbook\.venv\Lib\site-packages\torch\_inductor\scheduler.py", line 9354, in _codegen_partitions
    self._codegen(partition)
    ~~~~~~~~~~~~~^^^^^^^^^^^
  File "c:\Users\rupam.pal\OneDrive - Euromonitor International\Personal Projects\ai-cookbook\.venv\Lib\site-packages\torch\_inductor\scheduler.py", line 9508, in _codegen
    self.get_backend(device).codegen_node(node)
    ~~~~~~~~~~~~~~~~~~~~~~~~~~~~~~~~~~~~~^^^^^^
  File "c:\Users\rupam.pal\OneDrive - Euromonitor International\Personal Projects\ai-cookbook\.venv\Lib\site-packages\torch\_inductor\codegen\cpp.py", line 5550, in codegen_node
    cpp_kernel_proxy = self.kernel_proxy_cls(kernel_group)
  File "c:\Users\rupam.pal\OneDrive - Euromonitor International\Personal Projects\ai-cookbook\.venv\Lib\site-packages\torch\_inductor\codegen\cpp.py", line 4182, in __init__
    self.picked_vec_isa: cpu_vec_isa.VecISA = cpu_vec_isa.pick_vec_isa()
                                              ~~~~~~~~~~~~~~~~~~~~~~~~^^
  File "c:\Users\rupam.pal\OneDrive - Euromonitor International\Personal Projects\ai-cookbook\.venv\Lib\site-packages\torch\_inductor\cpu_vec_isa.py", line 653, in pick_vec_isa
    _valid_vec_isa_list: list[VecISA] = valid_vec_isa_list()
                                        ~~~~~~~~~~~~~~~~~~^^
  File "c:\Users\rupam.pal\OneDrive - Euromonitor International\Personal Projects\ai-cookbook\.venv\Lib\site-packages\torch\_inductor\cpu_vec_isa.py", line 640, in valid_vec_isa_list
    isa_list.extend(
    ~~~~~~~~~~~~~~~^
        isa
        ^^^
        for isa in supported_vec_isa_list
        ^^^^^^^^^^^^^^^^^^^^^^^^^^^^^^^^^
        if all(flag in _cpu_supported_x86_isa for flag in str(isa).split()) and isa
        ^^^^^^^^^^^^^^^^^^^^^^^^^^^^^^^^^^^^^^^^^^^^^^^^^^^^^^^^^^^^^^^^^^^^^^^^^^^
    )
    ^
  File "c:\Users\rupam.pal\OneDrive - Euromonitor International\Personal Projects\ai-cookbook\.venv\Lib\site-packages\torch\_inductor\cpu_vec_isa.py", line 643, in <genexpr>
    if all(flag in _cpu_supported_x86_isa for flag in str(isa).split()) and isa
                                                                            ^^^
  File "c:\Users\rupam.pal\OneDrive - Euromonitor International\Personal Projects\ai-cookbook\.venv\Lib\site-packages\torch\_inductor\cpu_vec_isa.py", line 211, in __bool__
    return self.__bool__impl(config.cpp.vec_isa_ok)
           ~~~~~~~~~~~~~~~~~^^^^^^^^^^^^^^^^^^^^^^^
  File "c:\Users\rupam.pal\OneDrive - Euromonitor International\Personal Projects\ai-cookbook\.venv\Lib\site-packages\torch\_inductor\cpu_vec_isa.py", line 221, in __bool__impl
    return self.check_build(VecISA._avx_code)
           ~~~~~~~~~~~~~~~~^^^^^^^^^^^^^^^^^^
  File "c:\Users\rupam.pal\OneDrive - Euromonitor International\Personal Projects\ai-cookbook\.venv\Lib\site-packages\torch\_inductor\cpu_vec_isa.py", line 183, in check_build
    extra=_get_isa_dry_compile_fingerprint(self.build_arch_flags()),
          ~~~~~~~~~~~~~~~~~~~~~~~~~~~~~~~~^^^^^^^^^^^^^^^^^^^^^^^^^
  File "c:\Users\rupam.pal\OneDrive - Euromonitor International\Personal Projects\ai-cookbook\.venv\Lib\site-packages\torch\_inductor\cpu_vec_isa.py", line 30, in _get_isa_dry_compile_fingerprint
    compiler_info = get_compiler_version_info(get_cpp_compiler())
                                              ~~~~~~~~~~~~~~~~^^
  File "c:\Users\rupam.pal\OneDrive - Euromonitor International\Personal Projects\ai-cookbook\.venv\Lib\site-packages\torch\_inductor\cpp_builder.py", line 386, in get_cpp_compiler
    check_compiler_exist_windows(compiler)
    ~~~~~~~~~~~~~~~~~~~~~~~~~~~~^^^^^^^^^^
  File "c:\Users\rupam.pal\OneDrive - Euromonitor International\Personal Projects\ai-cookbook\.venv\Lib\site-packages\torch\_inductor\cpp_builder.py", line 145, in check_compiler_exist_windows
    raise exc.InvalidCxxCompiler(compiler) from e
torch._inductor.exc.InductorError: InvalidCxxCompiler: Compiler: cl is not found.

Stage layout failed for run 1: InvalidCxxCompiler: Compiler: cl is not found.
Traceback (most recent call last):
  File "c:\Users\rupam.pal\OneDrive - Euromonitor International\Personal Projects\ai-cookbook\.venv\Lib\site-packages\docling\pipeline\standard_pdf_pipeline.py", line 353, in _process_batch
    processed_pages = list(self.model(good[0].conv_res, pages))  # type: ignore[arg-type]
  File "c:\Users\rupam.pal\OneDrive - Euromonitor International\Personal Projects\ai-cookbook\.venv\Lib\site-packages\docling\models\base_layout_model.py", line 59, in __call__
    predictions = self.predict_layout(conv_res, pages)
  File "c:\Users\rupam.pal\OneDrive - Euromonitor International\Personal Projects\ai-cookbook\.venv\Lib\site-packages\docling\models\stages\layout\layout_object_detection_model.py", line 115, in predict_layout
    engine_outputs = self.engine.predict_batch(batch)
  File "c:\Users\rupam.pal\OneDrive - Euromonitor International\Personal Projects\ai-cookbook\.venv\Lib\site-packages\docling\models\inference_engines\object_detection\transformers_engine.py", line 208, in predict_batch
    outputs = self._model(**inputs)  # type: ignore[operator]
  File "c:\Users\rupam.pal\OneDrive - Euromonitor International\Personal Projects\ai-cookbook\.venv\Lib\site-packages\torch\_dynamo\eval_frame.py", line 511, in __call__
    return super().__call__(*args, **kwargs)
           ~~~~~~~~~~~~~~~~^^^^^^^^^^^^^^^^^
  File "c:\Users\rupam.pal\OneDrive - Euromonitor International\Personal Projects\ai-cookbook\.venv\Lib\site-packages\torch\nn\modules\module.py", line 1778, in _wrapped_call_impl
    return self._call_impl(*args, **kwargs)
           ~~~~~~~~~~~~~~~^^^^^^^^^^^^^^^^^
  File "c:\Users\rupam.pal\OneDrive - Euromonitor International\Personal Projects\ai-cookbook\.venv\Lib\site-packages\torch\nn\modules\module.py", line 1789, in _call_impl
    return forward_call(*args, **kwargs)
  File "c:\Users\rupam.pal\OneDrive - Euromonitor International\Personal Projects\ai-cookbook\.venv\Lib\site-packages\torch\_dynamo\eval_frame.py", line 1183, in compile_wrapper
    raise e.remove_dynamo_frames() from None  # see TORCHDYNAMO_VERBOSE=1
    ^^^^^^^^^^^^^^^^^^^^^^^^^^^^^^^^^^^^^^^^
  File "c:\Users\rupam.pal\OneDrive - Euromonitor International\Personal Projects\ai-cookbook\.venv\Lib\site-packages\torch\_dynamo\eval_frame.py", line 1166, in compile_wrapper
    result = fn(*args, **kwargs)
  File "c:\Users\rupam.pal\OneDrive - Euromonitor International\Personal Projects\ai-cookbook\.venv\Lib\site-packages\torch\nn\modules\module.py", line 1778, in _wrapped_call_impl
    return self._call_impl(*args, **kwargs)
           ~~~~~~~~~~~~~~~^^^^^^^^^^^^^^^^^
  File "c:\Users\rupam.pal\OneDrive - Euromonitor International\Personal Projects\ai-cookbook\.venv\Lib\site-packages\torch\nn\modules\module.py", line 1789, in _call_impl
    return forward_call(*args, **kwargs)
  File "c:\Users\rupam.pal\OneDrive - Euromonitor International\Personal Projects\ai-cookbook\.venv\Lib\site-packages\transformers\utils\generic.py", line 939, in wrapper
    output = func(self, *args, **kwargs)
  File "c:\Users\rupam.pal\OneDrive - Euromonitor International\Personal Projects\ai-cookbook\.venv\Lib\site-packages\transformers\models\rt_detr_v2\modeling_rt_detr_v2.py", line 1864, in forward
    outputs = self.model(
        pixel_values,
    ...<4 lines>...
        **kwargs,
    )
  File "c:\Users\rupam.pal\OneDrive - Euromonitor International\Personal Projects\ai-cookbook\.venv\Lib\site-packages\torch\nn\modules\module.py", line 1778, in _wrapped_call_impl
    return self._call_impl(*args, **kwargs)
           ~~~~~~~~~~~~~~~^^^^^^^^^^^^^^^^^
  File "c:\Users\rupam.pal\OneDrive - Euromonitor International\Personal Projects\ai-cookbook\.venv\Lib\site-packages\torch\nn\modules\module.py", line 1789, in _call_impl
    return forward_call(*args, **kwargs)
  File "c:\Users\rupam.pal\OneDrive - Euromonitor International\Personal Projects\ai-cookbook\.venv\Lib\site-packages\transformers\utils\generic.py", line 939, in wrapper
    output = func(self, *args, **kwargs)
  File "c:\Users\rupam.pal\OneDrive - Euromonitor International\Personal Projects\ai-cookbook\.venv\Lib\site-packages\torch\_dynamo\convert_frame.py", line 2628, in __call__
    result = self._torchdynamo_orig_backend(
        frame, cache_entry, self.hooks, frame_state, skip=1
    )
  File "c:\Users\rupam.pal\OneDrive - Euromonitor International\Personal Projects\ai-cookbook\.venv\Lib\site-packages\torch\_dynamo\convert_frame.py", line 2319, in __call__
    result = self._inner_convert(
        frame, cache_entry, hooks, frame_state, skip=skip + 1
    )
  File "c:\Users\rupam.pal\OneDrive - Euromonitor International\Personal Projects\ai-cookbook\.venv\Lib\site-packages\torch\_dynamo\convert_frame.py", line 777, in __call__
    result = _compile(
        frame.f_code,
    ...<18 lines>...
        convert_frame_box=self._box,
    )
  File "c:\Users\rupam.pal\OneDrive - Euromonitor International\Personal Projects\ai-cookbook\.venv\Lib\site-packages\torch\_dynamo\convert_frame.py", line 2102, in _compile
    guarded_code, tracer_output = compile_inner(code, one_graph, hooks)
                                  ~~~~~~~~~~~~~^^^^^^^^^^^^^^^^^^^^^^^^
  File "c:\Users\rupam.pal\OneDrive - Euromonitor International\Personal Projects\ai-cookbook\.venv\Lib\site-packages\torch\_utils_internal.py", line 96, in wrapper_function
    return function(*args, **kwargs)
  File "c:\Users\rupam.pal\OneDrive - Euromonitor International\Personal Projects\ai-cookbook\.venv\Lib\site-packages\torch\_dynamo\convert_frame.py", line 1687, in compile_inner
    result = _compile_inner(code, one_graph, hooks)
  File "c:\Users\rupam.pal\OneDrive - Euromonitor International\Personal Projects\ai-cookbook\.venv\Lib\site-packages\torch\_dynamo\convert_frame.py", line 1747, in _compile_inner
    dynamo_output = compile_frame(
        code,
    ...<11 lines>...
        package=package,
    )
  File "c:\Users\rupam.pal\OneDrive - Euromonitor International\Personal Projects\ai-cookbook\.venv\Lib\site-packages\torch\_dynamo\convert_frame.py", line 1584, in compile_frame
    bytecode, tracer_output = transform_code_object(code, transform)
                              ~~~~~~~~~~~~~~~~~~~~~^^^^^^^^^^^^^^^^^
  File "c:\Users\rupam.pal\OneDrive - Euromonitor International\Personal Projects\ai-cookbook\.venv\Lib\site-packages\torch\_dynamo\bytecode_transformation.py", line 1821, in transform_code_object
    tracer_output = transformations(instructions, code_options)
  File "c:\Users\rupam.pal\OneDrive - Euromonitor International\Personal Projects\ai-cookbook\.venv\Lib\site-packages\torch\_dynamo\convert_frame.py", line 1555, in transform
    tracer_output = trace_frame(
        code,
    ...<14 lines>...
        package=package,
    )
  File "c:\Users\rupam.pal\OneDrive - Euromonitor International\Personal Projects\ai-cookbook\.venv\Lib\site-packages\torch\_dynamo\convert_frame.py", line 368, in _fn
    return fn(*args, **kwargs)
  File "c:\Users\rupam.pal\OneDrive - Euromonitor International\Personal Projects\ai-cookbook\.venv\Lib\site-packages\torch\_dynamo\convert_frame.py", line 954, in trace_frame
    run_tracer()
    ~~~~~~~~~~^^
  File "c:\Users\rupam.pal\OneDrive - Euromonitor International\Personal Projects\ai-cookbook\.venv\Lib\site-packages\torch\_dynamo\convert_frame.py", line 935, in run_tracer
    tracer.run()
    ~~~~~~~~~~^^
  File "c:\Users\rupam.pal\OneDrive - Euromonitor International\Personal Projects\ai-cookbook\.venv\Lib\site-packages\torch\_dynamo\symbolic_convert.py", line 1950, in run
    while self.step():
          ~~~~~~~~~^^
  File "c:\Users\rupam.pal\OneDrive - Euromonitor International\Personal Projects\ai-cookbook\.venv\Lib\site-packages\torch\_dynamo\symbolic_convert.py", line 1603, in step
    self.dispatch_table[inst.opcode](self, inst)
    ~~~~~~~~~~~~~~~~~~~~~~~~~~~~~~~~^^^^^^^^^^^^
  File "c:\Users\rupam.pal\OneDrive - Euromonitor International\Personal Projects\ai-cookbook\.venv\Lib\site-packages\torch\_dynamo\symbolic_convert.py", line 1074, in wrapper
    return handle_graph_break(self, inst, speculation.reason)
  File "c:\Users\rupam.pal\OneDrive - Euromonitor International\Personal Projects\ai-cookbook\.venv\Lib\site-packages\torch\_dynamo\symbolic_convert.py", line 1148, in handle_graph_break
    all_stack_locals_metadata = self.output.compile_subgraph(
        self, reason=reason, stack_pops=int(push) - stack_effect
    )
  File "c:\Users\rupam.pal\OneDrive - Euromonitor International\Personal Projects\ai-cookbook\.venv\Lib\site-packages\torch\_dynamo\output_graph.py", line 2234, in compile_subgraph
    instructions, subgraph_pycode = self.compile_and_call_fx_graph(
                                    ~~~~~~~~~~~~~~~~~~~~~~~~~~~~~~^
        tx, pass2.graph_output_vars(), root
        ^^^^^^^^^^^^^^^^^^^^^^^^^^^^^^^^^^^
    )
    ^
  File "c:\Users\rupam.pal\OneDrive - Euromonitor International\Personal Projects\ai-cookbook\.venv\Lib\site-packages\torch\_dynamo\output_graph.py", line 2880, in compile_and_call_fx_graph
    compiled_fn = self.call_user_compiler(gm, self.example_inputs())
  File "c:\Users\rupam.pal\OneDrive - Euromonitor International\Personal Projects\ai-cookbook\.venv\Lib\site-packages\torch\_dynamo\output_graph.py", line 3057, in call_user_compiler
    return self._call_user_compiler(gm, example_inputs)
           ~~~~~~~~~~~~~~~~~~~~~~~~^^^^^^^^^^^^^^^^^^^^
  File "c:\Users\rupam.pal\OneDrive - Euromonitor International\Personal Projects\ai-cookbook\.venv\Lib\site-packages\torch\_dynamo\output_graph.py", line 3119, in _call_user_compiler
    compiled_fn = compiler_fn(gm, example_inputs)
  File "c:\Users\rupam.pal\OneDrive - Euromonitor International\Personal Projects\ai-cookbook\.venv\Lib\site-packages\torch\_dynamo\repro\after_dynamo.py", line 159, in __call__
    compiled_gm = compiler_fn(gm, example_inputs)
  File "c:\Users\rupam.pal\OneDrive - Euromonitor International\Personal Projects\ai-cookbook\.venv\Lib\site-packages\torch\__init__.py", line 2489, in __call__
    return compile_fx(
        model_,
    ...<2 lines>...
        compile_region_name=self.name,
    )
  File "c:\Users\rupam.pal\OneDrive - Euromonitor International\Personal Projects\ai-cookbook\.venv\Lib\site-packages\torch\_inductor\compile_fx.py", line 2782, in compile_fx
    return _maybe_wrap_and_compile_fx_main(
        model_,
    ...<4 lines>...
        compile_region_name=compile_region_name,
    )
  File "c:\Users\rupam.pal\OneDrive - Euromonitor International\Personal Projects\ai-cookbook\.venv\Lib\site-packages\torch\_inductor\compile_fx.py", line 2863, in _maybe_wrap_and_compile_fx_main
    return _compile_fx_main(
        model_,
    ...<4 lines>...
        compile_region_name=compile_region_name,
    )
  File "c:\Users\rupam.pal\OneDrive - Euromonitor International\Personal Projects\ai-cookbook\.venv\Lib\site-packages\torch\_inductor\compile_fx.py", line 3076, in _compile_fx_main
    raise e.remove_dynamo_frames() from None  # see TORCHDYNAMO_VERBOSE=1
    ^^^^^^^^^^^^^^^^^^^^^^^^^^^^^^^^^^^^^^^^
  File "c:\Users\rupam.pal\OneDrive - Euromonitor International\Personal Projects\ai-cookbook\.venv\Lib\site-packages\torch\_inductor\compile_fx.py", line 3061, in _compile_fx_main
    return dynamo_common.aot_autograd(
           ~~~~~~~~~~~~~~~~~~~~~~~~~~~
    ...<9 lines>...
        compile_region_name=compile_region_name,
        ~~~~~~~~~~~~~~~~~~~~~~~~~~~~~~~~~~~~~~~~
    )(model_, example_inputs_)
    ~^^^^^^^^^^^^^^^^^^^^^^^^^
  File "c:\Users\rupam.pal\OneDrive - Euromonitor International\Personal Projects\ai-cookbook\.venv\Lib\site-packages\torch\_dynamo\backends\common.py", line 123, in __call__
    cg = aot_module_simplified(gm, example_inputs, **self.kwargs)
  File "c:\Users\rupam.pal\OneDrive - Euromonitor International\Personal Projects\ai-cookbook\.venv\Lib\site-packages\torch\_functorch\aot_autograd.py", line 1238, in aot_module_simplified
    compiled_fn, _ = aot_stage2_compile(
                     ~~~~~~~~~~~~~~~~~~^
        aot_state,
        ^^^^^^^^^^
    ...<4 lines>...
        inference_compiler,
        ^^^^^^^^^^^^^^^^^^^
    )
    ^
  File "c:\Users\rupam.pal\OneDrive - Euromonitor International\Personal Projects\ai-cookbook\.venv\Lib\site-packages\torch\_functorch\_aot_autograd\graph_compile.py", line 364, in aot_stage2_compile
    return aot_stage2_inference(
        aot_state,
    ...<2 lines>...
        inference_compiler,
    )
  File "c:\Users\rupam.pal\OneDrive - Euromonitor International\Personal Projects\ai-cookbook\.venv\Lib\site-packages\torch\_functorch\_aot_autograd\graph_compile.py", line 488, in aot_stage2_inference
    compiled_fw = _aot_stage2b_inference_compile(
        fw_module,
    ...<4 lines>...
        inference_compiler,
    )
  File "c:\Users\rupam.pal\OneDrive - Euromonitor International\Personal Projects\ai-cookbook\.venv\Lib\site-packages\torch\_functorch\_aot_autograd\graph_compile.py", line 415, in _aot_stage2b_inference_compile
    return _aot_stage2b_compile_forward_or_inference(
           ~~~~~~~~~~~~~~~~~~~~~~~~~~~~~~~~~~~~~~~~~^
        fw_module,
        ^^^^^^^^^^
    ...<5 lines>...
        is_inference=True,
        ^^^^^^^^^^^^^^^^^^
    )[1]
    ^
  File "c:\Users\rupam.pal\OneDrive - Euromonitor International\Personal Projects\ai-cookbook\.venv\Lib\site-packages\torch\_functorch\_aot_autograd\graph_compile.py", line 2800, in _aot_stage2b_compile_forward_or_inference
    compiled_fw_func = compiler(fw_module, adjusted_flat_args)
  File "c:\Users\rupam.pal\OneDrive - Euromonitor International\Personal Projects\ai-cookbook\.venv\Lib\site-packages\torch\_functorch\_aot_autograd\schemas.py", line 1472, in __call__
    output_code = self.compiler_fn(gm, example_inputs)
  File "c:\Users\rupam.pal\OneDrive - Euromonitor International\Personal Projects\ai-cookbook\.venv\Lib\site-packages\torch\_inductor\compile_fx.py", line 2924, in fw_compiler_base
    return compile_fx_forward(
        gm,
    ...<5 lines>...
        is_inference=is_inference,
    )
  File "c:\Users\rupam.pal\OneDrive - Euromonitor International\Personal Projects\ai-cookbook\.venv\Lib\site-packages\torch\_inductor\compile_fx.py", line 2537, in compile_fx_forward
    result = inner_compile(
        gm,
    ...<5 lines>...
        boxed_forward_device_index=compiler_config_extra.forward_device,
    )
  File "c:\Users\rupam.pal\OneDrive - Euromonitor International\Personal Projects\ai-cookbook\.venv\Lib\site-packages\torch\_inductor\compile_fx.py", line 837, in compile_fx_inner
    return wrap_compiler_debug(_compile_fx_inner, compiler_name="inductor")(
           ~~~~~~~~~~~~~~~~~~~~~~~~~~~~~~~~~~~~~~~~~~~~~~~~~~~~~~~~~~~~~~~~^
        gm,
        ^^^
    ...<2 lines>...
        **kwargs,
        ^^^^^^^^^
    )
    ^
  File "c:\Users\rupam.pal\OneDrive - Euromonitor International\Personal Projects\ai-cookbook\.venv\Lib\site-packages\torch\_dynamo\repro\after_aot.py", line 317, in debug_wrapper
    inner_compiled_fn = compiler_fn(gm, example_inputs)
  File "c:\Users\rupam.pal\OneDrive - Euromonitor International\Personal Projects\ai-cookbook\.venv\Lib\site-packages\torch\_inductor\compile_fx.py", line 1079, in _compile_fx_inner
    raise InductorError(e, currentframe()).with_traceback(
        e.__traceback__
    ) from None
  File "c:\Users\rupam.pal\OneDrive - Euromonitor International\Personal Projects\ai-cookbook\.venv\Lib\site-packages\torch\_inductor\compile_fx.py", line 1059, in _compile_fx_inner
    mb_compiled_graph = fx_codegen_and_compile(
        gm,
    ...<3 lines>...
        **graph_kwargs,
    )
  File "c:\Users\rupam.pal\OneDrive - Euromonitor International\Personal Projects\ai-cookbook\.venv\Lib\site-packages\torch\_inductor\compile_fx.py", line 1847, in fx_codegen_and_compile
    return scheme.codegen_and_compile(gm, example_inputs, inputs_to_check, graph_kwargs)
           ~~~~~~~~~~~~~~~~~~~~~~~~~~^^^^^^^^^^^^^^^^^^^^^^^^^^^^^^^^^^^^^^^^^^^^^^^^^^^
  File "c:\Users\rupam.pal\OneDrive - Euromonitor International\Personal Projects\ai-cookbook\.venv\Lib\site-packages\torch\_inductor\compile_fx.py", line 1608, in codegen_and_compile
    compiled_module = graph.compile_to_module()
  File "c:\Users\rupam.pal\OneDrive - Euromonitor International\Personal Projects\ai-cookbook\.venv\Lib\site-packages\torch\_inductor\graph.py", line 2669, in compile_to_module
    return self._compile_to_module()
           ~~~~~~~~~~~~~~~~~~~~~~~^^
  File "c:\Users\rupam.pal\OneDrive - Euromonitor International\Personal Projects\ai-cookbook\.venv\Lib\site-packages\torch\_inductor\graph.py", line 2675, in _compile_to_module
    self.codegen_with_cpp_wrapper() if self.cpp_wrapper else self.codegen()
                                                             ~~~~~~~~~~~~^^
  File "c:\Users\rupam.pal\OneDrive - Euromonitor International\Personal Projects\ai-cookbook\.venv\Lib\site-packages\torch\_inductor\graph.py", line 2611, in codegen
    self.scheduler.codegen()
    ~~~~~~~~~~~~~~~~~~~~~~^^
  File "c:\Users\rupam.pal\OneDrive - Euromonitor International\Personal Projects\ai-cookbook\.venv\Lib\site-packages\torch\_inductor\scheduler.py", line 9206, in codegen
    self._codegen_partitions()
    ~~~~~~~~~~~~~~~~~~~~~~~~^^
  File "c:\Users\rupam.pal\OneDrive - Euromonitor International\Personal Projects\ai-cookbook\.venv\Lib\site-packages\torch\_inductor\scheduler.py", line 9354, in _codegen_partitions
    self._codegen(partition)
    ~~~~~~~~~~~~~^^^^^^^^^^^
  File "c:\Users\rupam.pal\OneDrive - Euromonitor International\Personal Projects\ai-cookbook\.venv\Lib\site-packages\torch\_inductor\scheduler.py", line 9508, in _codegen
    self.get_backend(device).codegen_node(node)
    ~~~~~~~~~~~~~~~~~~~~~~~~~~~~~~~~~~~~~^^^^^^
  File "c:\Users\rupam.pal\OneDrive - Euromonitor International\Personal Projects\ai-cookbook\.venv\Lib\site-packages\torch\_inductor\codegen\cpp.py", line 5550, in codegen_node
    cpp_kernel_proxy = self.kernel_proxy_cls(kernel_group)
  File "c:\Users\rupam.pal\OneDrive - Euromonitor International\Personal Projects\ai-cookbook\.venv\Lib\site-packages\torch\_inductor\codegen\cpp.py", line 4182, in __init__
    self.picked_vec_isa: cpu_vec_isa.VecISA = cpu_vec_isa.pick_vec_isa()
                                              ~~~~~~~~~~~~~~~~~~~~~~~~^^
  File "c:\Users\rupam.pal\OneDrive - Euromonitor International\Personal Projects\ai-cookbook\.venv\Lib\site-packages\torch\_inductor\cpu_vec_isa.py", line 653, in pick_vec_isa
    _valid_vec_isa_list: list[VecISA] = valid_vec_isa_list()
                                        ~~~~~~~~~~~~~~~~~~^^
  File "c:\Users\rupam.pal\OneDrive - Euromonitor International\Personal Projects\ai-cookbook\.venv\Lib\site-packages\torch\_inductor\cpu_vec_isa.py", line 640, in valid_vec_isa_list
    isa_list.extend(
    ~~~~~~~~~~~~~~~^
        isa
        ^^^
        for isa in supported_vec_isa_list
        ^^^^^^^^^^^^^^^^^^^^^^^^^^^^^^^^^
        if all(flag in _cpu_supported_x86_isa for flag in str(isa).split()) and isa
        ^^^^^^^^^^^^^^^^^^^^^^^^^^^^^^^^^^^^^^^^^^^^^^^^^^^^^^^^^^^^^^^^^^^^^^^^^^^
    )
    ^
  File "c:\Users\rupam.pal\OneDrive - Euromonitor International\Personal Projects\ai-cookbook\.venv\Lib\site-packages\torch\_inductor\cpu_vec_isa.py", line 643, in <genexpr>
    if all(flag in _cpu_supported_x86_isa for flag in str(isa).split()) and isa
                                                                            ^^^
  File "c:\Users\rupam.pal\OneDrive - Euromonitor International\Personal Projects\ai-cookbook\.venv\Lib\site-packages\torch\_inductor\cpu_vec_isa.py", line 211, in __bool__
    return self.__bool__impl(config.cpp.vec_isa_ok)
           ~~~~~~~~~~~~~~~~~^^^^^^^^^^^^^^^^^^^^^^^
  File "c:\Users\rupam.pal\OneDrive - Euromonitor International\Personal Projects\ai-cookbook\.venv\Lib\site-packages\torch\_inductor\cpu_vec_isa.py", line 221, in __bool__impl
    return self.check_build(VecISA._avx_code)
           ~~~~~~~~~~~~~~~~^^^^^^^^^^^^^^^^^^
  File "c:\Users\rupam.pal\OneDrive - Euromonitor International\Personal Projects\ai-cookbook\.venv\Lib\site-packages\torch\_inductor\cpu_vec_isa.py", line 183, in check_build
    extra=_get_isa_dry_compile_fingerprint(self.build_arch_flags()),
          ~~~~~~~~~~~~~~~~~~~~~~~~~~~~~~~~^^^^^^^^^^^^^^^^^^^^^^^^^
  File "c:\Users\rupam.pal\OneDrive - Euromonitor International\Personal Projects\ai-cookbook\.venv\Lib\site-packages\torch\_inductor\cpu_vec_isa.py", line 30, in _get_isa_dry_compile_fingerprint
    compiler_info = get_compiler_version_info(get_cpp_compiler())
                                              ~~~~~~~~~~~~~~~~^^
  File "c:\Users\rupam.pal\OneDrive - Euromonitor International\Personal Projects\ai-cookbook\.venv\Lib\site-packages\torch\_inductor\cpp_builder.py", line 386, in get_cpp_compiler
    check_compiler_exist_windows(compiler)
    ~~~~~~~~~~~~~~~~~~~~~~~~~~~~^^^^^^^^^^
  File "c:\Users\rupam.pal\OneDrive - Euromonitor International\Personal Projects\ai-cookbook\.venv\Lib\site-packages\torch\_inductor\cpp_builder.py", line 145, in check_compiler_exist_windows
    raise exc.InvalidCxxCompiler(compiler) from e
torch._inductor.exc.InductorError: InvalidCxxCompiler: Compiler: cl is not found.

Traceback (most recent call last):
  File "<string>", line 1, in <module>
    from docling.document_converter import DocumentConverter; c=DocumentConverter(); r=c.convert('https://arxiv.org/pdf/2408.09869'); print('ok', bool(r.document))
                                                                                       ~~~~~~~~~^^^^^^^^^^^^^^^^^^^^^^^^^^^^^^^^^^^^
  File "c:\Users\rupam.pal\OneDrive - Euromonitor International\Personal Projects\ai-cookbook\.venv\Lib\site-packages\pydantic\_internal\_validate_call.py", line 40, in wrapper_function
    return wrapper(*args, **kwargs)
  File "c:\Users\rupam.pal\OneDrive - Euromonitor International\Personal Projects\ai-cookbook\.venv\Lib\site-packages\pydantic\_internal\_validate_call.py", line 137, in __call__
    res = self.__pydantic_validator__.validate_python(pydantic_core.ArgsKwargs(args, kwargs))
  File "c:\Users\rupam.pal\OneDrive - Euromonitor International\Personal Projects\ai-cookbook\.venv\Lib\site-packages\docling\document_converter.py", line 505, in convert
    return next(all_res)
  File "c:\Users\rupam.pal\OneDrive - Euromonitor International\Personal Projects\ai-cookbook\.venv\Lib\site-packages\docling\document_converter.py", line 581, in convert_all
    raise ConversionError(
    ...<2 lines>...
    ) from get_input_rejection_cause(conv_res.input)
docling.exceptions.ConversionError: Conversion failed for: 2408.09869 with status: failure. Errors: InvalidCxxCompiler: Compiler: cl is not found.
; InvalidCxxCompiler: Compiler: cl is not found.
; InvalidCxxCompiler: Compiler: cl is not found.
; InvalidCxxCompiler: Compiler: cl is not found.
; InvalidCxxCompiler: Compiler: cl is not found.
; InvalidCxxCompiler: Compiler: cl is not found.
; InvalidCxxCompiler: Compiler: cl is not found.
; InvalidCxxCompiler: Compiler: cl is not found.
; InvalidCxxCompiler: Compiler: cl is not found.

